// Jest Snapshot v1, https://goo.gl/fbAQLP

exports[`Message 1`] = `
<div
  className="message-row"
>
  <div
    className="message-head"
  >
    <div
      className="message-time"
    >
      14:17:09.683
    </div>
    <div
      className="message-host"
    >
      @
      http://search-coord5.akod.loc
    </div>
    <div
      className="message-group"
    >
      c.f.s.CoordinatorSearchEngine
    </div>
    <div
      className="message-thread"
    >
      qtp-12345
    </div>
  </div>
  <div
    className="message-content"
  >
    <span>
      Delegating execution to command 
    </span>
    <span>
      StagedSearchQuery
    </span>
    <span>
      , query: '
    </span>
    <a
      href="#"
      onClick={[Function]}
    >
      ftext contains('s
      ...
    </a>
    <span>
      ', sort: 
    </span>
    <span>
      null
    </span>
    <span>
      , facets: 
    </span>
    <span>
      directoryId
    </span>
    <span>
      , filter: '
    </span>
    <a
      href="#"
      onClick={[Function]}
    >
      siteId!='1632' an
      ...
    </a>
    <span>
      '
    </span>
  </div>
</div>
`;
